0 verbose cli /usr/local/bin/node /usr/src/node-red/node_modules/npm/bin/npm-cli.js
1 info using npm@10.9.8
2 info using node@v20.20.2
3 silly config load:file:/usr/src/node-red/node_modules/npm/npmrc
4 silly config load:file:/data/.npmrc
5 silly config load:file:/usr/src/node-red/.npmrc
6 silly config load:file:/usr/local/etc/npmrc
7 verbose title npm install @meowwolf/node-red-contrib-amqp@2.4.2
8 verbose argv "install" "--no-audit" "--no-update-notifier" "--no-fund" "--save" "--save-prefix" "~" "--omit" "dev" "--engine-strict" "--" "@meowwolf/node-red-contrib-amqp@2.4.2"
9 verbose logfile logs-max:10 dir:/data/.npm/_logs/2026-05-28T20_03_56_329Z-
10 verbose logfile /data/.npm/_logs/2026-05-28T20_03_56_329Z-debug-0.log
11 silly logfile done cleaning log files
12 silly packumentCache heap:2197815296 maxSize:549453824 maxEntrySize:274726912
13 silly idealTree buildDeps
14 silly fetch manifest @meowwolf/node-red-contrib-amqp@2.4.2
15 silly packumentCache full:https://registry.npmjs.org/@meowwolf%2fnode-red-contrib-amqp cache-miss
16 http fetch GET 200 https://registry.npmjs.org/@meowwolf%2fnode-red-contrib-amqp 879ms (cache miss)
17 silly packumentCache full:https://registry.npmjs.org/@meowwolf%2fnode-red-contrib-amqp set size:undefined disposed:false
18 silly placeDep ROOT @meowwolf/node-red-contrib-amqp@2.4.2 OK for: node-red-project@0.0.1 want: 2.4.2
19 silly fetch manifest uuid@^8.3.2
20 silly packumentCache full:https://registry.npmjs.org/uuid cache-miss
21 silly fetch manifest rimraf@^3.0.2
22 silly packumentCache full:https://registry.npmjs.org/rimraf cache-miss
23 silly fetch manifest amqplib@^0.8.0
24 silly packumentCache full:https://registry.npmjs.org/amqplib cache-miss
25 silly fetch manifest lodash.clonedeep@^4.5.0
26 silly packumentCache full:https://registry.npmjs.org/lodash.clonedeep cache-miss
27 http fetch GET 200 https://registry.npmjs.org/uuid 108ms (cache miss)
28 silly packumentCache full:https://registry.npmjs.org/uuid set size:undefined disposed:false
29 http fetch GET 200 https://registry.npmjs.org/rimraf 173ms (cache miss)
30 silly packumentCache full:https://registry.npmjs.org/rimraf set size:undefined disposed:false
31 http fetch GET 200 https://registry.npmjs.org/lodash.clonedeep 177ms (cache miss)
32 silly packumentCache full:https://registry.npmjs.org/lodash.clonedeep set size:undefined disposed:false
33 http fetch GET 200 https://registry.npmjs.org/amqplib 386ms (cache miss)
34 silly packumentCache full:https://registry.npmjs.org/amqplib set size:undefined disposed:false
35 silly placeDep ROOT amqplib@0.8.0 OK for: @meowwolf/node-red-contrib-amqp@2.4.2 want: ^0.8.0
36 silly placeDep ROOT lodash.clonedeep@4.5.0 OK for: @meowwolf/node-red-contrib-amqp@2.4.2 want: ^4.5.0
37 silly placeDep ROOT rimraf@3.0.2 OK for: @meowwolf/node-red-contrib-amqp@2.4.2 want: ^3.0.2
38 silly placeDep ROOT uuid@8.3.2 OK for: @meowwolf/node-red-contrib-amqp@2.4.2 want: ^8.3.2
39 silly fetch manifest bluebird@^3.7.2
40 silly packumentCache full:https://registry.npmjs.org/bluebird cache-miss
41 silly fetch manifest bitsyntax@~0.1.0
42 silly packumentCache full:https://registry.npmjs.org/bitsyntax cache-miss
43 silly fetch manifest url-parse@~1.5.1
44 silly packumentCache full:https://registry.npmjs.org/url-parse cache-miss
45 silly fetch manifest safe-buffer@~5.2.1
46 silly packumentCache full:https://registry.npmjs.org/safe-buffer cache-miss
47 silly fetch manifest readable-stream@1.x >=1.1.9
48 silly packumentCache full:https://registry.npmjs.org/readable-stream cache-miss
49 silly fetch manifest buffer-more-ints@~1.0.0
50 silly packumentCache full:https://registry.npmjs.org/buffer-more-ints cache-miss
51 silly fetch manifest glob@^7.1.3
52 silly packumentCache full:https://registry.npmjs.org/glob cache-miss
53 http fetch GET 200 https://registry.npmjs.org/safe-buffer 99ms (cache miss)
54 silly packumentCache full:https://registry.npmjs.org/safe-buffer set size:undefined disposed:false
55 http fetch GET 200 https://registry.npmjs.org/bluebird 131ms (cache miss)
56 silly packumentCache full:https://registry.npmjs.org/bluebird set size:undefined disposed:false
57 http fetch GET 200 https://registry.npmjs.org/glob 286ms (cache miss)
58 silly packumentCache full:https://registry.npmjs.org/glob set size:undefined disposed:false
59 http fetch GET 200 https://registry.npmjs.org/bitsyntax 316ms (cache miss)
60 silly packumentCache full:https://registry.npmjs.org/bitsyntax set size:undefined disposed:false
61 http fetch GET 200 https://registry.npmjs.org/url-parse 333ms (cache miss)
62 silly packumentCache full:https://registry.npmjs.org/url-parse set size:undefined disposed:false
63 http fetch GET 200 https://registry.npmjs.org/readable-stream 445ms (cache miss)
64 silly packumentCache full:https://registry.npmjs.org/readable-stream set size:undefined disposed:false
65 http fetch GET 200 https://registry.npmjs.org/buffer-more-ints 455ms (cache miss)
66 silly packumentCache full:https://registry.npmjs.org/buffer-more-ints set size:undefined disposed:false
67 silly placeDep ROOT bitsyntax@0.1.0 OK for: amqplib@0.8.0 want: ~0.1.0
68 silly placeDep ROOT bluebird@3.7.2 OK for: amqplib@0.8.0 want: ^3.7.2
69 silly placeDep ROOT buffer-more-ints@1.0.0 OK for: amqplib@0.8.0 want: ~1.0.0
70 silly placeDep ROOT readable-stream@1.1.14 OK for: amqplib@0.8.0 want: 1.x >=1.1.9
71 silly placeDep ROOT safe-buffer@5.2.1 OK for: amqplib@0.8.0 want: ~5.2.1
72 silly placeDep ROOT url-parse@1.5.10 OK for: amqplib@0.8.0 want: ~1.5.1
73 silly fetch manifest debug@~2.6.9
74 silly packumentCache full:https://registry.npmjs.org/debug cache-miss
75 silly fetch manifest safe-buffer@~5.1.2
76 silly packumentCache full:https://registry.npmjs.org/safe-buffer cache-miss
77 silly fetch manifest isarray@0.0.1
78 silly packumentCache full:https://registry.npmjs.org/isarray cache-miss
79 silly fetch manifest inherits@~2.0.1
80 silly packumentCache full:https://registry.npmjs.org/inherits cache-miss
81 silly fetch manifest core-util-is@~1.0.0
82 silly packumentCache full:https://registry.npmjs.org/core-util-is cache-miss
83 silly fetch manifest string_decoder@~0.10.x
84 silly packumentCache full:https://registry.npmjs.org/string_decoder cache-miss
85 silly fetch manifest querystringify@^2.1.1
86 silly packumentCache full:https://registry.npmjs.org/querystringify cache-miss
87 silly fetch manifest requires-port@^1.0.0
88 silly packumentCache full:https://registry.npmjs.org/requires-port cache-miss
89 http cache https://registry.npmjs.org/safe-buffer 72ms (cache hit)
90 silly packumentCache full:https://registry.npmjs.org/safe-buffer set size:41183 disposed:false
91 http fetch GET 200 https://registry.npmjs.org/inherits 116ms (cache miss)
92 silly packumentCache full:https://registry.npmjs.org/inherits set size:undefined disposed:false
93 http fetch GET 200 https://registry.npmjs.org/isarray 119ms (cache miss)
94 silly packumentCache full:https://registry.npmjs.org/isarray set size:undefined disposed:false
95 http fetch GET 200 https://registry.npmjs.org/core-util-is 118ms (cache miss)
96 silly packumentCache full:https://registry.npmjs.org/core-util-is set size:undefined disposed:false
97 http fetch GET 200 https://registry.npmjs.org/querystringify 118ms (cache miss)
98 silly packumentCache full:https://registry.npmjs.org/querystringify set size:undefined disposed:false
99 http fetch GET 200 https://registry.npmjs.org/requires-port 134ms (cache miss)
100 silly packumentCache full:https://registry.npmjs.org/requires-port set size:undefined disposed:false
101 http fetch GET 200 https://registry.npmjs.org/string_decoder 139ms (cache miss)
102 silly packumentCache full:https://registry.npmjs.org/string_decoder set size:undefined disposed:false
103 http fetch GET 200 https://registry.npmjs.org/debug 147ms (cache miss)
104 silly packumentCache full:https://registry.npmjs.org/debug set size:undefined disposed:false
105 silly placeDep ROOT debug@2.6.9 OK for: bitsyntax@0.1.0 want: ~2.6.9
106 silly placeDep node_modules/bitsyntax safe-buffer@5.1.2 OK for: bitsyntax@0.1.0 want: ~5.1.2
107 silly fetch manifest ms@2.0.0
108 silly packumentCache full:https://registry.npmjs.org/ms cache-miss
109 http fetch GET 200 https://registry.npmjs.org/ms 99ms (cache miss)
110 silly packumentCache full:https://registry.npmjs.org/ms set size:undefined disposed:false
111 silly placeDep ROOT ms@2.0.0 OK for: debug@2.6.9 want: 2.0.0
112 silly placeDep ROOT core-util-is@1.0.3 OK for: readable-stream@1.1.14 want: ~1.0.0
113 silly placeDep ROOT inherits@2.0.4 OK for: readable-stream@1.1.14 want: ~2.0.1
114 silly placeDep ROOT isarray@0.0.1 OK for: readable-stream@1.1.14 want: 0.0.1
115 silly placeDep ROOT string_decoder@0.10.31 OK for: readable-stream@1.1.14 want: ~0.10.x
116 silly placeDep ROOT glob@7.2.3 OK for: rimraf@3.0.2 want: ^7.1.3
117 silly fetch manifest once@^1.3.0
118 silly packumentCache full:https://registry.npmjs.org/once cache-miss
119 silly fetch manifest inflight@^1.0.4
120 silly packumentCache full:https://registry.npmjs.org/inflight cache-miss
121 silly fetch manifest minimatch@^3.1.1
122 silly packumentCache full:https://registry.npmjs.org/minimatch cache-miss
123 silly fetch manifest fs.realpath@^1.0.0
124 silly packumentCache full:https://registry.npmjs.org/fs.realpath cache-miss
125 silly fetch manifest path-is-absolute@^1.0.0
126 silly packumentCache full:https://registry.npmjs.org/path-is-absolute cache-miss
127 http fetch GET 200 https://registry.npmjs.org/once 93ms (cache miss)
128 silly packumentCache full:https://registry.npmjs.org/once set size:undefined disposed:false
129 http fetch GET 200 https://registry.npmjs.org/inflight 94ms (cache miss)
130 silly packumentCache full:https://registry.npmjs.org/inflight set size:undefined disposed:false
131 http fetch GET 200 https://registry.npmjs.org/fs.realpath 94ms (cache miss)
132 silly packumentCache full:https://registry.npmjs.org/fs.realpath set size:undefined disposed:false
133 http fetch GET 200 https://registry.npmjs.org/path-is-absolute 95ms (cache miss)
134 silly packumentCache full:https://registry.npmjs.org/path-is-absolute set size:undefined disposed:false
135 http fetch GET 200 https://registry.npmjs.org/minimatch 335ms (cache miss)
136 silly packumentCache full:https://registry.npmjs.org/minimatch set size:undefined disposed:false
137 silly placeDep ROOT fs.realpath@1.0.0 OK for: glob@7.2.3 want: ^1.0.0
138 silly placeDep ROOT inflight@1.0.6 OK for: glob@7.2.3 want: ^1.0.4
139 silly placeDep ROOT minimatch@3.1.5 OK for: glob@7.2.3 want: ^3.1.1
140 silly placeDep ROOT once@1.4.0 OK for: glob@7.2.3 want: ^1.3.0
141 silly placeDep ROOT path-is-absolute@1.0.1 OK for: glob@7.2.3 want: ^1.0.0
142 silly fetch manifest wrappy@1
143 silly packumentCache full:https://registry.npmjs.org/wrappy cache-miss
144 silly fetch manifest brace-expansion@^1.1.7
145 silly packumentCache full:https://registry.npmjs.org/brace-expansion cache-miss
146 silly fetch manifest wrappy@1
147 silly packumentCache full:https://registry.npmjs.org/wrappy cache-miss
148 http fetch GET 200 https://registry.npmjs.org/wrappy 82ms (cache miss)
149 silly packumentCache full:https://registry.npmjs.org/wrappy set size:undefined disposed:false
150 http fetch GET 200 https://registry.npmjs.org/wrappy 86ms (cache miss)
151 silly packumentCache full:https://registry.npmjs.org/wrappy set size:undefined disposed:false
152 http fetch GET 200 https://registry.npmjs.org/brace-expansion 86ms (cache miss)
153 silly packumentCache full:https://registry.npmjs.org/brace-expansion set size:undefined disposed:false
154 silly placeDep ROOT wrappy@1.0.2 OK for: inflight@1.0.6 want: 1
155 silly placeDep ROOT brace-expansion@1.1.15 OK for: minimatch@3.1.5 want: ^1.1.7
156 silly fetch manifest balanced-match@^1.0.0
157 silly packumentCache full:https://registry.npmjs.org/balanced-match cache-miss
158 silly fetch manifest concat-map@0.0.1
159 silly packumentCache full:https://registry.npmjs.org/concat-map cache-miss
160 http fetch GET 200 https://registry.npmjs.org/balanced-match 86ms (cache miss)
161 silly packumentCache full:https://registry.npmjs.org/balanced-match set size:undefined disposed:false
162 http fetch GET 200 https://registry.npmjs.org/concat-map 292ms (cache miss)
163 silly packumentCache full:https://registry.npmjs.org/concat-map set size:undefined disposed:false
164 silly placeDep ROOT balanced-match@1.0.2 OK for: brace-expansion@1.1.15 want: ^1.0.0
165 silly placeDep ROOT concat-map@0.0.1 OK for: brace-expansion@1.1.15 want: 0.0.1
166 silly placeDep ROOT querystringify@2.2.0 OK for: url-parse@1.5.10 want: ^2.1.1
167 silly placeDep ROOT requires-port@1.0.0 OK for: url-parse@1.5.10 want: ^1.0.0
168 silly reify moves {}
169 http cache requires-port@https://registry.npmjs.org/requires-port/-/requires-port-1.0.0.tgz 0ms (cache hit)
170 http cache querystringify@https://registry.npmjs.org/querystringify/-/querystringify-2.2.0.tgz 0ms (cache hit)
171 http cache concat-map@https://registry.npmjs.org/concat-map/-/concat-map-0.0.1.tgz 0ms (cache hit)
172 http cache balanced-match@https://registry.npmjs.org/balanced-match/-/balanced-match-1.0.2.tgz 0ms (cache hit)
173 http cache brace-expansion@https://registry.npmjs.org/brace-expansion/-/brace-expansion-1.1.15.tgz 0ms (cache hit)
174 http cache wrappy@https://registry.npmjs.org/wrappy/-/wrappy-1.0.2.tgz 0ms (cache hit)
175 http cache path-is-absolute@https://registry.npmjs.org/path-is-absolute/-/path-is-absolute-1.0.1.tgz 0ms (cache hit)
176 http cache once@https://registry.npmjs.org/once/-/once-1.4.0.tgz 0ms (cache hit)
177 http cache minimatch@https://registry.npmjs.org/minimatch/-/minimatch-3.1.5.tgz 0ms (cache hit)
178 http cache inflight@https://registry.npmjs.org/inflight/-/inflight-1.0.6.tgz 0ms (cache hit)
179 http cache fs.realpath@https://registry.npmjs.org/fs.realpath/-/fs.realpath-1.0.0.tgz 0ms (cache hit)
180 http cache string_decoder@https://registry.npmjs.org/string_decoder/-/string_decoder-0.10.31.tgz 0ms (cache hit)
181 http cache glob@https://registry.npmjs.org/glob/-/glob-7.2.3.tgz 0ms (cache hit)
182 http cache isarray@https://registry.npmjs.org/isarray/-/isarray-0.0.1.tgz 0ms (cache hit)
183 http cache inherits@https://registry.npmjs.org/inherits/-/inherits-2.0.4.tgz 0ms (cache hit)
184 http cache core-util-is@https://registry.npmjs.org/core-util-is/-/core-util-is-1.0.3.tgz 0ms (cache hit)
185 http cache ms@https://registry.npmjs.org/ms/-/ms-2.0.0.tgz 0ms (cache hit)
186 http cache debug@https://registry.npmjs.org/debug/-/debug-2.6.9.tgz 0ms (cache hit)
187 http cache safe-buffer@https://registry.npmjs.org/safe-buffer/-/safe-buffer-5.2.1.tgz 0ms (cache hit)
188 http cache url-parse@https://registry.npmjs.org/url-parse/-/url-parse-1.5.10.tgz 0ms (cache hit)
189 http cache readable-stream@https://registry.npmjs.org/readable-stream/-/readable-stream-1.1.14.tgz 0ms (cache hit)
190 http cache buffer-more-ints@https://registry.npmjs.org/buffer-more-ints/-/buffer-more-ints-1.0.0.tgz 0ms (cache hit)
191 http cache bitsyntax@https://registry.npmjs.org/bitsyntax/-/bitsyntax-0.1.0.tgz 0ms (cache hit)
192 http cache bluebird@https://registry.npmjs.org/bluebird/-/bluebird-3.7.2.tgz 0ms (cache hit)
193 http cache uuid@https://registry.npmjs.org/uuid/-/uuid-8.3.2.tgz 0ms (cache hit)
194 http cache rimraf@https://registry.npmjs.org/rimraf/-/rimraf-3.0.2.tgz 0ms (cache hit)
195 http cache lodash.clonedeep@https://registry.npmjs.org/lodash.clonedeep/-/lodash.clonedeep-4.5.0.tgz 1ms (cache hit)
196 http cache amqplib@https://registry.npmjs.org/amqplib/-/amqplib-0.8.0.tgz 0ms (cache hit)
197 silly tarball no local data for balanced-match@https://registry.npmjs.org/balanced-match/-/balanced-match-1.0.2.tgz. Extracting by manifest.
198 silly tarball no local data for concat-map@https://registry.npmjs.org/concat-map/-/concat-map-0.0.1.tgz. Extracting by manifest.
199 silly tarball no local data for requires-port@https://registry.npmjs.org/requires-port/-/requires-port-1.0.0.tgz. Extracting by manifest.
200 silly tarball no local data for querystringify@https://registry.npmjs.org/querystringify/-/querystringify-2.2.0.tgz. Extracting by manifest.
201 silly tarball no local data for wrappy@https://registry.npmjs.org/wrappy/-/wrappy-1.0.2.tgz. Extracting by manifest.
202 silly tarball no local data for path-is-absolute@https://registry.npmjs.org/path-is-absolute/-/path-is-absolute-1.0.1.tgz. Extracting by manifest.
203 silly tarball no local data for once@https://registry.npmjs.org/once/-/once-1.4.0.tgz. Extracting by manifest.
204 silly tarball no local data for brace-expansion@https://registry.npmjs.org/brace-expansion/-/brace-expansion-1.1.15.tgz. Extracting by manifest.
205 silly tarball no local data for minimatch@https://registry.npmjs.org/minimatch/-/minimatch-3.1.5.tgz. Extracting by manifest.
206 silly tarball no local data for fs.realpath@https://registry.npmjs.org/fs.realpath/-/fs.realpath-1.0.0.tgz. Extracting by manifest.
207 silly tarball no local data for string_decoder@https://registry.npmjs.org/string_decoder/-/string_decoder-0.10.31.tgz. Extracting by manifest.
208 silly tarball no local data for glob@https://registry.npmjs.org/glob/-/glob-7.2.3.tgz. Extracting by manifest.
209 silly tarball no local data for inflight@https://registry.npmjs.org/inflight/-/inflight-1.0.6.tgz. Extracting by manifest.
210 silly tarball no local data for isarray@https://registry.npmjs.org/isarray/-/isarray-0.0.1.tgz. Extracting by manifest.
211 http cache @meowwolf/node-red-contrib-amqp@https://registry.npmjs.org/@meowwolf/node-red-contrib-amqp/-/node-red-contrib-amqp-2.4.2.tgz 0ms (cache hit)
212 silly tarball no local data for core-util-is@https://registry.npmjs.org/core-util-is/-/core-util-is-1.0.3.tgz. Extracting by manifest.
213 silly tarball no local data for ms@https://registry.npmjs.org/ms/-/ms-2.0.0.tgz. Extracting by manifest.
214 silly tarball no local data for debug@https://registry.npmjs.org/debug/-/debug-2.6.9.tgz. Extracting by manifest.
215 silly tarball no local data for inherits@https://registry.npmjs.org/inherits/-/inherits-2.0.4.tgz. Extracting by manifest.
216 silly tarball no local data for url-parse@https://registry.npmjs.org/url-parse/-/url-parse-1.5.10.tgz. Extracting by manifest.
217 http cache safe-buffer@https://registry.npmjs.org/safe-buffer/-/safe-buffer-5.1.2.tgz 0ms (cache hit)
218 silly tarball no local data for safe-buffer@https://registry.npmjs.org/safe-buffer/-/safe-buffer-5.2.1.tgz. Extracting by manifest.
219 silly tarball no local data for buffer-more-ints@https://registry.npmjs.org/buffer-more-ints/-/buffer-more-ints-1.0.0.tgz. Extracting by manifest.
220 silly tarball no local data for readable-stream@https://registry.npmjs.org/readable-stream/-/readable-stream-1.1.14.tgz. Extracting by manifest.
221 silly tarball no local data for bitsyntax@https://registry.npmjs.org/bitsyntax/-/bitsyntax-0.1.0.tgz. Extracting by manifest.
222 silly tarball no local data for bluebird@https://registry.npmjs.org/bluebird/-/bluebird-3.7.2.tgz. Extracting by manifest.
223 silly tarball no local data for rimraf@https://registry.npmjs.org/rimraf/-/rimraf-3.0.2.tgz. Extracting by manifest.
224 silly tarball no local data for lodash.clonedeep@https://registry.npmjs.org/lodash.clonedeep/-/lodash.clonedeep-4.5.0.tgz. Extracting by manifest.
225 silly tarball no local data for amqplib@https://registry.npmjs.org/amqplib/-/amqplib-0.8.0.tgz. Extracting by manifest.
226 silly tarball no local data for uuid@https://registry.npmjs.org/uuid/-/uuid-8.3.2.tgz. Extracting by manifest.
227 silly tarball no local data for @meowwolf/node-red-contrib-amqp@https://registry.npmjs.org/@meowwolf/node-red-contrib-amqp/-/node-red-contrib-amqp-2.4.2.tgz. Extracting by manifest.
228 silly tarball no local data for safe-buffer@https://registry.npmjs.org/safe-buffer/-/safe-buffer-5.1.2.tgz. Extracting by manifest.
229 http fetch GET 200 https://registry.npmjs.org/requires-port/-/requires-port-1.0.0.tgz 424ms (cache miss)
230 http fetch GET 200 https://registry.npmjs.org/concat-map/-/concat-map-0.0.1.tgz 463ms (cache miss)
231 http fetch GET 200 https://registry.npmjs.org/path-is-absolute/-/path-is-absolute-1.0.1.tgz 478ms (cache miss)
232 http fetch GET 200 https://registry.npmjs.org/once/-/once-1.4.0.tgz 484ms (cache miss)
233 http fetch GET 200 https://registry.npmjs.org/balanced-match/-/balanced-match-1.0.2.tgz 494ms (cache miss)
234 http fetch GET 200 https://registry.npmjs.org/querystringify/-/querystringify-2.2.0.tgz 501ms (cache miss)
235 http fetch GET 200 https://registry.npmjs.org/wrappy/-/wrappy-1.0.2.tgz 506ms (cache miss)
236 http fetch GET 200 https://registry.npmjs.org/inherits/-/inherits-2.0.4.tgz 500ms (cache miss)
237 http fetch GET 200 https://registry.npmjs.org/ms/-/ms-2.0.0.tgz 529ms (cache miss)
238 http fetch GET 200 https://registry.npmjs.org/rimraf/-/rimraf-3.0.2.tgz 561ms (cache miss)
239 warn deprecated rimraf@3.0.2: Rimraf versions prior to v4 are no longer supported
240 http fetch GET 200 https://registry.npmjs.org/inflight/-/inflight-1.0.6.tgz 593ms (cache miss)
241 warn deprecated inflight@1.0.6: This module is not supported, and leaks memory. Do not use it. Check out lru-cache if you want a good and tested way to coalesce async requests by a key value, which is much more comprehensive and powerful.
242 http fetch GET 200 https://registry.npmjs.org/buffer-more-ints/-/buffer-more-ints-1.0.0.tgz 586ms (cache miss)
243 http fetch GET 200 https://registry.npmjs.org/brace-expansion/-/brace-expansion-1.1.15.tgz 615ms (cache miss)
244 http fetch GET 200 https://registry.npmjs.org/safe-buffer/-/safe-buffer-5.1.2.tgz 559ms (cache miss)
245 http fetch GET 200 https://registry.npmjs.org/string_decoder/-/string_decoder-0.10.31.tgz 624ms (cache miss)
246 http fetch GET 200 https://registry.npmjs.org/core-util-is/-/core-util-is-1.0.3.tgz 623ms (cache miss)
247 http fetch GET 200 https://registry.npmjs.org/isarray/-/isarray-0.0.1.tgz 626ms (cache miss)
248 http fetch GET 200 https://registry.npmjs.org/fs.realpath/-/fs.realpath-1.0.0.tgz 642ms (cache miss)
249 http fetch GET 200 https://registry.npmjs.org/safe-buffer/-/safe-buffer-5.2.1.tgz 627ms (cache miss)
250 http fetch GET 200 https://registry.npmjs.org/lodash.clonedeep/-/lodash.clonedeep-4.5.0.tgz 623ms (cache miss)
251 http fetch GET 200 https://registry.npmjs.org/minimatch/-/minimatch-3.1.5.tgz 664ms (cache miss)
252 http fetch GET 200 https://registry.npmjs.org/url-parse/-/url-parse-1.5.10.tgz 650ms (cache miss)
253 http fetch GET 200 https://registry.npmjs.org/debug/-/debug-2.6.9.tgz 680ms (cache miss)
254 http fetch GET 200 https://registry.npmjs.org/readable-stream/-/readable-stream-1.1.14.tgz 707ms (cache miss)
255 http fetch GET 200 https://registry.npmjs.org/glob/-/glob-7.2.3.tgz 728ms (cache miss)
256 warn deprecated glob@7.2.3: Old versions of glob are not supported, and contain widely publicized security vulnerabilities, which have been fixed in the current version. Please update. Support for old versions may be purchased (at exorbitant rates) by contacting i@izs.me
257 http fetch GET 200 https://registry.npmjs.org/bitsyntax/-/bitsyntax-0.1.0.tgz 713ms (cache miss)
258 http fetch GET 200 https://registry.npmjs.org/@meowwolf/node-red-contrib-amqp/-/node-red-contrib-amqp-2.4.2.tgz 1120ms (cache miss)
259 http fetch GET 200 https://registry.npmjs.org/bluebird/-/bluebird-3.7.2.tgz 1196ms (cache miss)
260 http fetch GET 200 https://registry.npmjs.org/amqplib/-/amqplib-0.8.0.tgz 1279ms (cache miss)
261 http fetch GET 200 https://registry.npmjs.org/uuid/-/uuid-8.3.2.tgz 1290ms (cache miss)
262 warn deprecated uuid@8.3.2: uuid@10 and below is no longer supported.  For ESM codebases, update to uuid@latest.  For CommonJS codebases, use uuid@11 (but be aware this version will likely be deprecated in 2028).
263 silly ADD node_modules/requires-port
264 silly ADD node_modules/querystringify
265 silly ADD node_modules/concat-map
266 silly ADD node_modules/balanced-match
267 silly ADD node_modules/brace-expansion
268 silly ADD node_modules/wrappy
269 silly ADD node_modules/path-is-absolute
270 silly ADD node_modules/once
271 silly ADD node_modules/minimatch
272 silly ADD node_modules/inflight
273 silly ADD node_modules/fs.realpath
274 silly ADD node_modules/glob
275 silly ADD node_modules/string_decoder
276 silly ADD node_modules/isarray
277 silly ADD node_modules/inherits
278 silly ADD node_modules/core-util-is
279 silly ADD node_modules/ms
280 silly ADD node_modules/debug
281 silly ADD node_modules/url-parse
282 silly ADD node_modules/safe-buffer
283 silly ADD node_modules/readable-stream
284 silly ADD node_modules/buffer-more-ints
285 silly ADD node_modules/bluebird
286 silly ADD node_modules/bitsyntax
287 silly ADD node_modules/bitsyntax/node_modules/safe-buffer
288 silly ADD node_modules/uuid
289 silly ADD node_modules/rimraf
290 silly ADD node_modules/lodash.clonedeep
291 silly ADD node_modules/amqplib
292 silly ADD node_modules/@meowwolf/node-red-contrib-amqp
293 verbose cwd /data
294 verbose os Linux 6.6.114.1-microsoft-standard-WSL2
295 verbose node v20.20.2
296 verbose npm  v10.9.8
297 verbose exit 0
298 info ok
